// Jest Snapshot v1, https://goo.gl/fbAQLP

exports[`Test Textarea component 1`] = `
<textarea
  class="mt-5 w-full bg-transparent font-medium text-[#444444] dark:text-[#B2B2B2] outline-none text-justify h-[3000px] placeholder-[#bebebe] dark:placeholder-[#545454]"
  placeholder="Enter text"
  role="textbox"
>
  text
</textarea>
`;
